// Jest Snapshot v1, https://goo.gl/fbAQLP

exports[`Auth component should match snapshot 1`] = `
<div
  class="auth-page"
>
  <p>
    not auth
  </p>
  <a
    href="/"
  >
    Link to homepage
  </a>
</div>
`;
